[step] Navigated browser to real runtime http://127.0.0.1:8787
[PASS] APP LOAD real runtime
  expected: title=OneShot, app present, runtime Connected, no auth overlay, no fatal error
  observed: title=OneShot, runtime="Connected · sample · FixtureResearchProvider", genDisabled=true, authOverlay="auth-overlay"
[PASS] HEALTH visible
  expected: runtime-label includes Connected
  observed: Connected · sample · FixtureResearchProvider
[step] Submitted real user message via Send
[PASS] USER MESSAGE submitted real request
  expected: chat-message-user present with 'parses csv'
  observed: ["chat-message-user:build a python cli tool that parses csv files and prints a summary"]
[PASS] READINESS reflects real ready_for_prompt=true
  expected: ready-label=Ready, generate enabled
  observed: ready=Ready, genDisabled=false
[PASS] INSUFFICIENT_INTENT
  expected: explicitness
  observed: NOT EXERCISABLE WITH CURRENT FIXTURE RUNTIME (ready_for_prompt always true) — not a frontend failure
[step] Clicked Generate
[PASS] GENERATE creates real run
  expected: real run_id + prompt_id retained; Task Management open; run-meta shows Run/Prompt
  observed: runId=7b6c6ae0-0e06-4fac-a13a-b6a29f0359a6, promptId=prompt:7b6c6ae0-0e06-4fac-a13a-b6a29f0359a6, tasksOpen=true, meta="Prompt(prompt:7b6c6ae0-0e06-4fac-a13a-b6a29f0359a6) · Run 7b6c6ae0-0e06-4fac-a13a-b6a29f0359a6"
[step] Waiting for actual SSE events / terminal stage ...
[PASS] SSE real events reach DOM
  expected: terminal Done stage rendered from real SSE; processor progression reflects received events
  observed: order=Planner,Refactor,Gap Analysis,Evaluation,Triple Validation,Schema Validation,Fixture Validation,Goal Validation,Confirmed,Builder,Hash Verification,Done
[PASS] SSE no duplicates
  expected: each stage rendered once sequentially; no duplicate event rows
  observed: stages=12, received=4, order=Planner,Refactor,Gap Analysis,Evaluation,Triple Validation,Schema Validation,Fixture Validation,Goal Validation,Confirmed,Builder,Hash Verification,Done
[PASS] RESEARCHER visible
  expected: Researcher stage rendered
  observed: state=COMPLETE
[PASS] RESEARCHER activity
  expected: exposed activity events if emitted
  observed: FixtureResearchProvider emitted no search/extract activity events — not fabricated (runtime truth)
[PASS] TERMINAL RESULT faithful
  expected: UI visibly renders real ROOT_CAUSE (backend failure), not PASSED
  observed: result=ROOT_CAUSE
[PASS] RUN CONTEXT
  expected: contains runtime-derived context or truthful 'not exposed'; not simply the user prompt
  observed: Run context is not exposed by the current runtime snapshot.
[PASS] WORKSPACE tree loads
  expected: >0 real file/dir rows from runtime tree
  observed: rows=377
[PASS] WORKSPACE file open
  expected: real package.json content visible
  observed: {
  "name": "oneshot-frontend-staging",
  "version": "0.1.0",
  "private": true,
[PASS] UI MECHANIC sidebar toggle
  expected: observed via rendered DOM assertions
  observed: {"off":false}
[PASS] UI MECHANIC sidebar restore
  expected: observed via rendered DOM assertions
  observed: {"off":false}
[PASS] UI MECHANIC top bar toggle
  expected: observed via rendered DOM assertions
  observed: {"off":false}
[PASS] UI MECHANIC top bar restore
  expected: observed via rendered DOM assertions
  observed: {"off":false}
[PASS] UI MECHANIC task button opens drawer
  expected: observed via rendered DOM assertions
  observed: {"open":true}
[PASS] UI MECHANIC context button opens drawer
  expected: observed via rendered DOM assertions
  observed: {"ctx":true,"tasks":false}
[PASS] UI MECHANIC workspace usable after panel change
  expected: chat/workspace still displayed after drawer toggles
  observed: chat display=block
[PASS] UI MECHANIC layout
  expected: app shell present and sized
  observed: {"hasResize":true,"hasResizeHandles":8,"appRect":{"w":764,"h":485}}

=== BROWSER E2E PASSED ===
